[dotenv@17.2.3] injecting env (6) from .env -- tip: ≡ƒ¢á∩╕Å  run anywhere with `dotenvx run -- yourcommand`
Testing YouTube API...
API Key exists: true
API Key length: 39

≡ƒÄÑ Testing searchPlaylists for "Leadership"...
node : YouTube API 
quota exceeded or 
invalid key
At line:1 char:1
+ node 
test-youtube.js > 
test_output.txt 2>&1
+ ~~~~~~~~~~~~~~~~~~~~
~~~~~~~~~~~~~~~~~~~~~~
~
    + CategoryInfo    
          : NotSpeci  
  fied: (YouTube AP   
 I quo... or inval    
id key:String) []    
, RemoteException
    + FullyQualifiedE 
   rrorId : NativeCo  
  mmandError
 
Found 0 playlists
Playlists: []

≡ƒÄÑ Testing searchVideos for "Leadership"...
YouTube video search 
error: Request failed 
with status code 403
Found 0 videos
Videos: []
